[2026-09-07 01:03:40] ===============================================================
[2026-09-07 01:03:40] Environment setup started (project: /Users/maks/Projects/goit/mlops/goit-mlops/lesson-3)
[2026-09-07 01:03:40] Host: Darwin arm64
[2026-09-07 01:03:40] 
[2026-09-07 01:03:40] == Docker ==
[2026-09-07 01:03:40]   OK       docker  -> Docker version 29.4.0, build 9d7ad9f
[2026-09-07 01:03:40]   OK       docker daemon is running
[2026-09-07 01:03:40] 
[2026-09-07 01:03:40] == Docker Compose V2 ==
[2026-09-07 01:03:41]   OK       docker compose -> Docker Compose version v5.1.2
[2026-09-07 01:03:41] 
[2026-09-07 01:03:41] == Python >= 3.13 ==
[2026-09-07 01:03:41]   OK       uv      -> uv 0.8.3 (7e78f54e7 2025-07-24)
[2026-09-07 01:03:41]   OK       python3 -> Python 3.14.7 at /opt/homebrew/bin/python3
[2026-09-07 01:03:41]   OK       pip3    -> pip 26.2.1 from /opt/homebrew/lib/python3.14/site-packages/pip (python 3.14)
[2026-09-07 01:03:41] 
[2026-09-07 01:03:41] == Virtual environment (/Users/maks/Projects/goit/mlops/goit-mlops/lesson-3/.venv) ==
[2026-09-07 01:03:41]   CREATE   virtual environment with Python 3.13
Using CPython 3.13.5
Creating virtual environment with seed packages at: .venv
 + pip==26.2.1
Activate with: source .venv/bin/activate
[2026-09-07 01:03:41]   OK       virtual environment created -> Python 3.13.5
[2026-09-07 01:03:41]   OK       pip in virtual environment -> pip 26.2.1 from /Users/maks/Projects/goit/mlops/goit-mlops/lesson-3/.venv/lib/python3.13/site-packages/pip (python 3.13)
[2026-09-07 01:03:41] 
[2026-09-07 01:03:41] == ML dependencies (torch torchvision pillow) ==
[2026-09-07 01:03:41]   MISSING  torch is not installed
[2026-09-07 01:03:41]   MISSING  torchvision is not installed
[2026-09-07 01:03:41]   MISSING  pillow is not installed
[2026-09-07 01:03:41]   INSTALL  installing from /Users/maks/Projects/goit/mlops/goit-mlops/lesson-3/requirements.txt
Resolved 13 packages in 10ms
Installed 13 packages in 250ms
 + filelock==3.32.5
 + fsspec==2026.7.0
 + jinja2==3.1.6
 + markupsafe==3.0.3
 + mpmath==1.3.0
 + networkx==3.6.1
 + numpy==2.5.3
 + pillow==11.2.1
 + setuptools==84.0.0
 + sympy==1.14.0
 + torch==2.7.0
 + torchvision==0.22.0
 + typing-extensions==4.16.0
[2026-09-07 01:03:48]   OK       torch 2.7.0 (installed)
[2026-09-07 01:03:57]   OK       torchvision 0.22.0 (installed)
[2026-09-07 01:03:57]   OK       pillow 11.2.1 (installed)
[2026-09-07 01:03:57] 
[2026-09-07 01:03:57] == Verification ==
[2026-09-07 01:03:57]   OK       docker --version: Docker version 29.4.0, build 9d7ad9f
[2026-09-07 01:03:57]   OK       docker compose version: Docker Compose version v5.1.2
[2026-09-07 01:03:57]   OK       python3 --version: Python 3.13.5
[2026-09-07 01:03:57]   OK       pip3 --version: pip 26.2.1 from /Users/maks/Projects/goit/mlops/goit-mlops/lesson-3/.venv/lib/python3.13/site-packages/pip (python 3.13)
[2026-09-07 01:03:58]   OK       import torch: 2.7.0
[2026-09-07 01:03:59]   OK       import torchvision: 0.22.0
[2026-09-07 01:03:59]   OK       import PIL: 11.2.1
[2026-09-07 01:03:59] 
[2026-09-07 01:03:59] == Summary ==
[2026-09-07 01:03:59] Environment is ready.
[2026-09-07 01:03:59] Activate it with:  source .venv/bin/activate
[2026-09-07 01:03:59] ===============================================================
[2026-09-07 01:18:07] ===============================================================
[2026-09-07 01:18:07] Environment setup started (project: /Users/maks/Projects/goit/mlops/goit-mlops/lesson-3)
[2026-09-07 01:18:07] Host: Darwin arm64
[2026-09-07 01:18:07] 
[2026-09-07 01:18:07] == Docker ==
[2026-09-07 01:18:08]   OK       docker  -> Docker version 29.4.0, build 9d7ad9f
[2026-09-07 01:18:08]   OK       docker daemon is running
[2026-09-07 01:18:08] 
[2026-09-07 01:18:08] == Docker Compose V2 ==
[2026-09-07 01:18:08]   OK       docker compose -> Docker Compose version v5.1.2
[2026-09-07 01:18:08] 
[2026-09-07 01:18:08] == Python >= 3.13 ==
[2026-09-07 01:18:08]   OK       uv      -> uv 0.8.3 (7e78f54e7 2025-07-24)
[2026-09-07 01:18:08]   OK       python3 -> Python 3.14.7 at /opt/homebrew/bin/python3
[2026-09-07 01:18:08]   OK       pip3    -> pip 26.2.1 from /opt/homebrew/lib/python3.14/site-packages/pip (python 3.14)
[2026-09-07 01:18:08] 
[2026-09-07 01:18:08] == Virtual environment (/Users/maks/Projects/goit/mlops/goit-mlops/lesson-3/.venv) ==
[2026-09-07 01:18:08]   OK       virtual environment present -> Python 3.13.5
[2026-09-07 01:18:09]   OK       pip in virtual environment -> pip 26.2.1 from /Users/maks/Projects/goit/mlops/goit-mlops/lesson-3/.venv/lib/python3.13/site-packages/pip (python 3.13)
[2026-09-07 01:18:09] 
[2026-09-07 01:18:09] == ML dependencies (torch torchvision pillow) ==
[2026-09-07 01:18:10]   OK       torch 2.7.0
[2026-09-07 01:18:11]   OK       torchvision 0.22.0
[2026-09-07 01:18:11]   OK       pillow 11.2.1
[2026-09-07 01:18:11]   INFO     all dependencies already satisfied, nothing to install
[2026-09-07 01:18:11] 
[2026-09-07 01:18:11] == Verification ==
[2026-09-07 01:18:11]   OK       docker --version: Docker version 29.4.0, build 9d7ad9f
[2026-09-07 01:18:11]   OK       docker compose version: Docker Compose version v5.1.2
[2026-09-07 01:18:11]   OK       python3 --version: Python 3.13.5
[2026-09-07 01:18:12]   OK       pip3 --version: pip 26.2.1 from /Users/maks/Projects/goit/mlops/goit-mlops/lesson-3/.venv/lib/python3.13/site-packages/pip (python 3.13)
[2026-09-07 01:18:12]   OK       import torch: 2.7.0
[2026-09-07 01:18:13]   OK       import torchvision: 0.22.0
[2026-09-07 01:18:13]   OK       import PIL: 11.2.1
[2026-09-07 01:18:13] 
[2026-09-07 01:18:13] == Summary ==
[2026-09-07 01:18:13] Environment is ready.
[2026-09-07 01:18:13] Activate it with:  source .venv/bin/activate
[2026-09-07 01:18:13] ===============================================================
